// Jest Snapshot v1, https://goo.gl/fbAQLP

exports[`Form component Renders Form component 1`] = `
<form
  className="Form"
  onSubmit={[Function]}
>
  <input
    name="name"
    type="text"
  />
  <div
    className="Form-footer"
  >
    <input
      className="Btn"
      onClick={[Function]}
      type="button"
      value="Cancel"
    />
    <input
      className="Btn Btn-primary"
      type="submit"
      value="Add"
    />
  </div>
</form>
`;
